// Jest Snapshot v1, https://goo.gl/fbAQLP

exports[`gif-expert-item-test should match snapshot 1`] = `
<div>
  <div
    class="card"
  >
    <img
      alt="title-test"
      src="test-url"
    />
    <p>
      title-test
    </p>
  </div>
</div>
`;
