// Jest Snapshot v1, https://goo.gl/fbAQLP

exports[`Breaking bad test should match snapshot 1`] = `
<div>
  <h1>
    Breaking bad Quotes
  </h1>
  <hr />
  <div
    class="alert alert-info text-center"
  >
    Loading...
  </div>
  <button
    class="btn btn-primary"
  >
    Next quote
  </button>
</div>
`;
