// Jest Snapshot v1, https://goo.gl/fbAQLP

exports[`SearchHeroPage test Should show default correctly 1`] = `
<div>
  <div
    class="animate__animated animate__fadeInDown"
  >
    <h1>
      SearchHeroPage
    </h1>
    <hr />
  </div>
  <div
    class="row"
  >
    <div
      class="col-5"
    >
      <h4>
        Searching...
      </h4>
      <hr />
      <form
        aria-label="form"
      >
        <input
          autocomplete="off"
          class="form-control"
          name="searchText"
          placeholder="Search a hero"
          type="text"
          value=""
        />
        <button
          class="btn btn-primary mt-2"
          type="submit"
        >
          Search
        </button>
      </form>
    </div>
    <div
      class="col-7"
    >
      <h4>
        Results...
      </h4>
      <hr />
      <div
        aria-label="alert-danger"
        class="alert alert-danger animate__animated animate__fadeIn"
        style="display: none;"
      >
        No hero with 
        <b />
      </div>
    </div>
  </div>
</div>
`;

exports[`SearchHeroPage test should show default correctly 1`] = `
<div>
  <div
    class="animate__animated animate__fadeInDown"
  >
    <h1>
      SearchHeroPage
    </h1>
    <hr />
  </div>
  <div
    class="row"
  >
    <div
      class="col-5"
    >
      <h4>
        Searching...
      </h4>
      <hr />
      <form
        aria-label="form"
      >
        <input
          autocomplete="off"
          class="form-control"
          name="searchText"
          placeholder="Search a hero"
          type="text"
          value=""
        />
        <button
          class="btn btn-primary mt-2"
          type="submit"
        >
          Search
        </button>
      </form>
    </div>
    <div
      class="col-7"
    >
      <h4>
        Results...
      </h4>
      <hr />
      <div
        aria-label="alert-danger"
        class="alert alert-danger animate__animated animate__fadeIn"
        style="display: none;"
      >
        No hero with 
        <b />
      </div>
    </div>
  </div>
</div>
`;
