// Jest Snapshot v1, https://goo.gl/fbAQLP

exports[`gitExpertApp test should match with snapshot 1`] = `
<div>
  <h1>
    Gif Expert App
  </h1>
  <div
    class="center-content"
  >
    <form
      aria-label="form"
    >
      <div>
        <input
          placeholder="get gifs like...."
          value=""
        />
      </div>
      <button
        class="glow-on-hover"
        type="submit"
      >
        Add Gifs
      </button>
    </form>
  </div>
  <h3>
    One Punch
  </h3>
  <h2>
    Loading...
  </h2>
  <div
    class="card-grid"
  />
  <h3>
    One piece
  </h3>
  <h2>
    Loading...
  </h2>
  <div
    class="card-grid"
  />
</div>
`;
